
> certifind-v3@1.0.0 build
> next build

node.exe :  ΓÜá Warning: Next.js inferred your workspace root, but it may not be correct.
At line:1 char:1
+ & "C:\Program Files\nodejs/node.exe" "C:\Program Files\nodejs/node_mo ...
+ ~~~~~~~~~~~~~~~~~~~~~~~~~~~~~~~~~~~~~~~~~~~~~~~~~~~~~~~~~~~~~~~~~~~~~
    + CategoryInfo          : NotSpecified: ( ΓÜá Warning: N...not be correct.:String) [], RemoteException
    + FullyQualifiedErrorId : NativeCommandError
 
 We detected multiple lockfiles and selected the directory of C:\Users\vaith\Project's\certifind-v2\package-lock.json 
as the root directory.
 To silence this warning, set `outputFileTracingRoot` in your Next.js config, or consider removing one of the 
lockfiles if it's not needed.
   See https://nextjs.org/docs/app/api-reference/config/next-config-js/output#caveats for more information.
 Detected additional lockfiles: 
   * C:\Users\vaith\Project's\certifind-v2\client\package-lock.json

   Γû▓ Next.js 15.5.14
   - Environments: .env.local

   Creating an optimized production build ...
<w> [webpack.cache.PackFileCacheStrategy] Serializing big strings (215kiB) impacts deserialization performance 
(consider using Buffer instead and decode when needed)
<w> [webpack.cache.PackFileCacheStrategy] Caching failed for pack: Error: EPERM: operation not permitted, rename 
'C:\Users\vaith\Project's\certifind-v2\client\.next\cache\webpack\client-production\0.pack_' -> 
'C:\Users\vaith\Project's\certifind-v2\client\.next\cache\webpack\client-production\0.pack'
 Γ£ô Compiled successfully in 70s
   Linting and checking validity of types ...

./app/(auth)/signup/page.tsx
11:33  Warning: 'getPasswordStrength' is defined but never used.  @typescript-eslint/no-unused-vars

./app/(auth)/unauthorized/page.tsx
2:29  Warning: 'ArrowLeft' is defined but never used.  @typescript-eslint/no-unused-vars

./app/analyzer/page.tsx
4:18  Warning: 'FileText' is defined but never used.  @typescript-eslint/no-unused-vars
4:103  Warning: 'Edit3' is defined but never used.  @typescript-eslint/no-unused-vars
5:8  Warning: 'Link' is defined but never used.  @typescript-eslint/no-unused-vars

./app/courses/[id]/page.tsx
24:21  Warning: 'error' is assigned a value but never used.  @typescript-eslint/no-unused-vars
82:11  Warning: Using `<img>` could result in slower LCP and higher bandwidth. Consider using `<Image />` from `next/image` or a custom image loader to automatically optimize images. This may incur additional usage or cost from your provider. See: https://nextjs.org/docs/messages/no-img-element  @next/next/no-img-element

./app/dashboard/page.tsx
57:15  Warning: Using `<img>` could result in slower LCP and higher bandwidth. Consider using `<Image />` from `next/image` or a custom image loader to automatically optimize images. This may incur additional usage or cost from your provider. See: https://nextjs.org/docs/messages/no-img-element  @next/next/no-img-element

./app/free-courses/page.tsx
11:9  Warning: 'searchParams' is assigned a value but never used.  @typescript-eslint/no-unused-vars

./app/paid-courses/page.tsx
11:9  Warning: 'searchParams' is assigned a value but never used.  @typescript-eslint/no-unused-vars

./app/platforms/page.tsx
27:21  Warning: 'error' is assigned a value but never used.  @typescript-eslint/no-unused-vars
39:6  Warning: React Hook useEffect has an unnecessary dependency: 'supabase'. Either exclude it or remove the dependency array. Outer scope values like 'supabase' aren't valid dependencies because mutating them doesn't re-render the component.  react-hooks/exhaustive-deps

./components/auth/AuthLayout.tsx
1:8  Warning: 'Image' is defined but never used.  @typescript-eslint/no-unused-vars
19:13  Warning: Using `<img>` could result in slower LCP and higher bandwidth. Consider using `<Image />` from `next/image` or a custom image loader to automatically optimize images. This may incur additional usage or cost from your provider. See: https://nextjs.org/docs/messages/no-img-element  @next/next/no-img-element
61:15  Warning: Using `<img>` could result in slower LCP and higher bandwidth. Consider using `<Image />` from `next/image` or a custom image loader to automatically optimize images. This may incur additional usage or cost from your provider. See: https://nextjs.org/docs/messages/no-img-element  @next/next/no-img-element

./components/CourseCard.tsx
6:8  Warning: 'Link' is defined but never used.  @typescript-eslint/no-unused-vars
105:9  Warning: Using `<img>` could result in slower LCP and higher bandwidth. Consider using `<Image />` from `next/image` or a custom image loader to automatically optimize images. This may incur additional usage or cost from your provider. See: https://nextjs.org/docs/messages/no-img-element  @next/next/no-img-element

./components/FilterSidebar.tsx
5:42  Warning: 'X' is defined but never used.  @typescript-eslint/no-unused-vars
33:10  Warning: 'loadingPlatforms' is assigned a value but never used.  @typescript-eslint/no-unused-vars

./components/Footer.tsx
17:15  Warning: Using `<img>` could result in slower LCP and higher bandwidth. Consider using `<Image />` from `next/image` or a custom image loader to automatically optimize images. This may incur additional usage or cost from your provider. See: https://nextjs.org/docs/messages/no-img-element  @next/next/no-img-element

./components/Navbar.tsx
74:17  Warning: Using `<img>` could result in slower LCP and higher bandwidth. Consider using `<Image />` from `next/image` or a custom image loader to automatically optimize images. This may incur additional usage or cost from your provider. See: https://nextjs.org/docs/messages/no-img-element  @next/next/no-img-element
108:21  Warning: Using `<img>` could result in slower LCP and higher bandwidth. Consider using `<Image />` from `next/image` or a custom image loader to automatically optimize images. This may incur additional usage or cost from your provider. See: https://nextjs.org/docs/messages/no-img-element  @next/next/no-img-element

./components/PlatformSpotlight.tsx
5:20  Warning: 'Globe' is defined but never used.  @typescript-eslint/no-unused-vars
5:27  Warning: 'Cpu' is defined but never used.  @typescript-eslint/no-unused-vars
5:32  Warning: 'Layout' is defined but never used.  @typescript-eslint/no-unused-vars
5:40  Warning: 'Lightbulb' is defined but never used.  @typescript-eslint/no-unused-vars

./components/ResumeTemplate.tsx
3:62  Warning: 'Github' is defined but never used.  @typescript-eslint/no-unused-vars

./components/RoadmapStep.tsx
2:10  Warning: 'CheckCircle2' is defined but never used.  @typescript-eslint/no-unused-vars
2:42  Warning: 'Clock' is defined but never used.  @typescript-eslint/no-unused-vars

info  - Need to disable some ESLint rules? Learn more here: https://nextjs.org/docs/app/api-reference/config/eslint#disabling-rules
   Collecting page data ...
   Generating static pages (0/30) ...
   Generating static pages (7/30) 
   Generating static pages (14/30) 
   Generating static pages (22/30) 
 Γ£ô Generating static pages (30/30)
   Finalizing page optimization ...
   Collecting build traces ...

Route (app)                                 Size  First Load JS
Γöî Γùï /                                     158 kB         327 kB
Γö£ Γùï /_not-found                             1 kB         103 kB
Γö£ Γùï /about                                 192 B         106 kB
Γö£ Γùï /admin                               3.11 kB         166 kB
Γö£ Γùï /affiliate                             192 B         106 kB
Γö£ Γùï /analyzer                            5.92 kB         114 kB
Γö£ ╞Æ /api/analyze                           142 B         102 kB
Γö£ ╞Æ /api/courses                           142 B         102 kB
Γö£ ╞Æ /api/stats                             142 B         102 kB
Γö£ Γùï /app                                   192 B         106 kB
Γö£ ╞Æ /auth/callback                         142 B         102 kB
Γö£ Γùï /bookmarks                           6.07 kB         173 kB
Γö£ Γùï /careers                               192 B         106 kB
Γö£ Γùï /contact                             2.47 kB         105 kB
Γö£ ╞Æ /courses/[id]                        6.05 kB         173 kB
Γö£ Γùï /dashboard                            3.6 kB         170 kB
Γö£ Γùï /discover                              192 B         106 kB
Γö£ Γùï /forgot-password                     3.11 kB         209 kB
Γö£ Γùï /free-courses                        1.09 kB         176 kB
Γö£ Γùï /investors                             192 B         106 kB
Γö£ Γùï /login                               2.21 kB         211 kB
Γö£ Γùï /paid-courses                        1.08 kB         176 kB
Γö£ Γùï /platforms                           5.06 kB         168 kB
Γö£ Γùï /reset-password                       3.9 kB         210 kB
Γö£ Γùï /signup                              2.65 kB         212 kB
Γö£ Γùï /support                               192 B         106 kB
Γö£ Γùï /teach                                 192 B         106 kB
Γö£ Γùï /unauthorized                        2.34 kB         108 kB
Γöö Γùï /verify-email                        2.62 kB         108 kB
+ First Load JS shared by all             102 kB
  Γö£ chunks/1255-dfb5f8d642ae4426.js      45.7 kB
  Γö£ chunks/4bd1b696-100b9d70ed4e49c1.js  54.2 kB
  Γöö other shared chunks (total)          2.19 kB


╞Æ Middleware                             86.9 kB

Γùï  (Static)   prerendered as static content
╞Æ  (Dynamic)  server-rendered on demand

